nohup: ignoring input
2026-06-21 18:34:50,394 | INFO | Dataset folder 'AEEEM-defect-dataset' -> dataset='AEEEM' | csv files found=5
2026-06-21 18:34:50,580 | INFO | Dataset='AEEEM' | loaded projects=5 | skipped empty=0
2026-06-21 18:34:50,580 | INFO | Dataset folder 'JIRA' -> dataset='JIRA' | csv files found=7
2026-06-21 18:34:50,857 | INFO | Dataset='JIRA' | loaded projects=7 | skipped empty=0
2026-06-21 18:34:50,858 | WARNING | No preprocessor for dataset folder 'NASA' (canonical='NASA'). Skipping.
2026-06-21 18:34:50,858 | INFO | Dataset folder 'Promise' -> dataset='Promise' | csv files found=7
2026-06-21 18:34:51,275 | INFO | Dataset='Promise' | loaded projects=7 | skipped empty=0
2026-06-21 18:34:51,275 | WARNING | No preprocessor for dataset folder 'ReLinkCSV' (canonical='ReLinkCSV'). Skipping.
2026-06-21 18:34:51,276 | INFO | Loaded 19 projects from root=Data-set
2026-06-21 18:34:51,277 | INFO | Loaded datasets: AEEEM, JIRA, Promise
2026-06-21 18:34:51,277 | INFO | Target rotation over: AEEEM
2026-06-21 18:34:51,277 | INFO | SETTING: CPDP within SAME dataset (sources=other projects, target excluded)
2026-06-21 18:34:51,277 | INFO | REPEATS: 5 runs per target (NO fixed seed); saving MEAN metrics only
2026-06-21 18:34:51,277 | INFO | MASTER params: lam=0.500 k=5 n_bins=10 disc_strategy=quantile
2026-06-21 18:34:51,277 | INFO | ==============================================
2026-06-21 18:34:51,277 | INFO | DATASET: AEEEM | projects=5 | common_features=19
2026-06-21 18:34:51,277 | INFO | ==============================================
2026-06-21 18:34:51,554 | INFO | Run 1/5 done for AEEEM/equinox in 0.2s | AUC=0.7051 MCC=0.3116 F1=0.7097
2026-06-21 18:34:51,778 | INFO | Run 2/5 done for AEEEM/equinox in 0.5s | AUC=0.7095 MCC=0.3332 F1=0.7111
2026-06-21 18:34:52,003 | INFO | Run 3/5 done for AEEEM/equinox in 0.7s | AUC=0.7107 MCC=0.3536 F1=0.7226
2026-06-21 18:34:52,228 | INFO | Run 4/5 done for AEEEM/equinox in 0.9s | AUC=0.7078 MCC=0.3500 F1=0.7164
2026-06-21 18:34:52,452 | INFO | Run 5/5 done for AEEEM/equinox in 1.1s | AUC=0.7155 MCC=0.3678 F1=0.7239
2026-06-21 18:34:52,454 | INFO | FINISHED target AEEEM/equinox | saved MEAN over 5 runs in 1.1s
2026-06-21 18:34:52,454 | INFO | ALL DONE. Results saved to: MASTER_sequential_results.csv
2026-06-21 18:34:53,032 | INFO | Dataset folder 'AEEEM-defect-dataset' -> dataset='AEEEM' | csv files found=5
2026-06-21 18:34:53,211 | INFO | Dataset='AEEEM' | loaded projects=5 | skipped empty=0
2026-06-21 18:34:53,211 | INFO | Dataset folder 'JIRA' -> dataset='JIRA' | csv files found=7
2026-06-21 18:34:53,478 | INFO | Dataset='JIRA' | loaded projects=7 | skipped empty=0
2026-06-21 18:34:53,478 | WARNING | No preprocessor for dataset folder 'NASA' (canonical='NASA'). Skipping.
2026-06-21 18:34:53,478 | INFO | Dataset folder 'Promise' -> dataset='Promise' | csv files found=7
2026-06-21 18:34:53,889 | INFO | Dataset='Promise' | loaded projects=7 | skipped empty=0
2026-06-21 18:34:53,889 | WARNING | No preprocessor for dataset folder 'ReLinkCSV' (canonical='ReLinkCSV'). Skipping.
2026-06-21 18:34:53,889 | INFO | Loaded 19 projects from root=Data-set
2026-06-21 18:34:53,889 | INFO | Loaded datasets: AEEEM, JIRA, Promise
2026-06-21 18:34:53,889 | INFO | Target rotation over: AEEEM
2026-06-21 18:34:53,889 | INFO | SETTING: CPDP within SAME dataset (sources=other projects, target excluded)
2026-06-21 18:34:53,889 | INFO | REPEATS: 5 runs per target (NO fixed seed); saving MEAN metrics only
2026-06-21 18:34:53,889 | INFO | MASTER params: lam=0.500 k=5 n_bins=10 disc_strategy=quantile
2026-06-21 18:34:53,889 | INFO | ==============================================
2026-06-21 18:34:53,889 | INFO | DATASET: AEEEM | projects=5 | common_features=19
2026-06-21 18:34:53,889 | INFO | ==============================================
2026-06-21 18:34:54,208 | INFO | Run 1/5 done for AEEEM/jdt in 0.3s | AUC=0.7373 MCC=0.2550 F1=0.4416
2026-06-21 18:34:54,472 | INFO | Run 2/5 done for AEEEM/jdt in 0.5s | AUC=0.7401 MCC=0.2707 F1=0.4510
2026-06-21 18:34:54,735 | INFO | Run 3/5 done for AEEEM/jdt in 0.8s | AUC=0.7393 MCC=0.2633 F1=0.4464
2026-06-21 18:34:54,997 | INFO | Run 4/5 done for AEEEM/jdt in 1.1s | AUC=0.7366 MCC=0.2715 F1=0.4512
2026-06-21 18:34:55,259 | INFO | Run 5/5 done for AEEEM/jdt in 1.3s | AUC=0.7394 MCC=0.2699 F1=0.4507
2026-06-21 18:34:55,261 | INFO | FINISHED target AEEEM/jdt | saved MEAN over 5 runs in 1.3s
2026-06-21 18:34:55,261 | INFO | ALL DONE. Results saved to: MASTER_sequential_results.csv
2026-06-21 18:34:55,833 | INFO | Dataset folder 'AEEEM-defect-dataset' -> dataset='AEEEM' | csv files found=5
2026-06-21 18:34:56,011 | INFO | Dataset='AEEEM' | loaded projects=5 | skipped empty=0
2026-06-21 18:34:56,012 | INFO | Dataset folder 'JIRA' -> dataset='JIRA' | csv files found=7
2026-06-21 18:34:56,279 | INFO | Dataset='JIRA' | loaded projects=7 | skipped empty=0
2026-06-21 18:34:56,280 | WARNING | No preprocessor for dataset folder 'NASA' (canonical='NASA'). Skipping.
2026-06-21 18:34:56,280 | INFO | Dataset folder 'Promise' -> dataset='Promise' | csv files found=7
2026-06-21 18:34:56,697 | INFO | Dataset='Promise' | loaded projects=7 | skipped empty=0
2026-06-21 18:34:56,697 | WARNING | No preprocessor for dataset folder 'ReLinkCSV' (canonical='ReLinkCSV'). Skipping.
2026-06-21 18:34:56,697 | INFO | Loaded 19 projects from root=Data-set
2026-06-21 18:34:56,697 | INFO | Loaded datasets: AEEEM, JIRA, Promise
2026-06-21 18:34:56,697 | INFO | Target rotation over: AEEEM
2026-06-21 18:34:56,697 | INFO | SETTING: CPDP within SAME dataset (sources=other projects, target excluded)
2026-06-21 18:34:56,697 | INFO | REPEATS: 5 runs per target (NO fixed seed); saving MEAN metrics only
2026-06-21 18:34:56,698 | INFO | MASTER params: lam=0.500 k=5 n_bins=10 disc_strategy=quantile
2026-06-21 18:34:56,698 | INFO | ==============================================
2026-06-21 18:34:56,698 | INFO | DATASET: AEEEM | projects=5 | common_features=19
2026-06-21 18:34:56,698 | INFO | ==============================================
2026-06-21 18:34:56,996 | INFO | Run 1/5 done for AEEEM/lucene in 0.3s | AUC=0.7281 MCC=0.2351 F1=0.3290
2026-06-21 18:34:57,237 | INFO | Run 2/5 done for AEEEM/lucene in 0.5s | AUC=0.7283 MCC=0.2370 F1=0.3304
2026-06-21 18:34:57,478 | INFO | Run 3/5 done for AEEEM/lucene in 0.7s | AUC=0.7267 MCC=0.2333 F1=0.3276
2026-06-21 18:34:57,719 | INFO | Run 4/5 done for AEEEM/lucene in 1.0s | AUC=0.7323 MCC=0.2481 F1=0.3393
2026-06-21 18:34:58,023 | INFO | Run 5/5 done for AEEEM/lucene in 1.3s | AUC=0.7331 MCC=0.2478 F1=0.3377
2026-06-21 18:34:58,028 | INFO | FINISHED target AEEEM/lucene | saved MEAN over 5 runs in 1.3s
2026-06-21 18:34:58,028 | INFO | ALL DONE. Results saved to: MASTER_sequential_results.csv
2026-06-21 18:34:58,612 | INFO | Dataset folder 'AEEEM-defect-dataset' -> dataset='AEEEM' | csv files found=5
2026-06-21 18:34:58,792 | INFO | Dataset='AEEEM' | loaded projects=5 | skipped empty=0
2026-06-21 18:34:58,792 | INFO | Dataset folder 'JIRA' -> dataset='JIRA' | csv files found=7
2026-06-21 18:34:59,067 | INFO | Dataset='JIRA' | loaded projects=7 | skipped empty=0
2026-06-21 18:34:59,067 | WARNING | No preprocessor for dataset folder 'NASA' (canonical='NASA'). Skipping.
2026-06-21 18:34:59,068 | INFO | Dataset folder 'Promise' -> dataset='Promise' | csv files found=7
2026-06-21 18:34:59,485 | INFO | Dataset='Promise' | loaded projects=7 | skipped empty=0
2026-06-21 18:34:59,486 | WARNING | No preprocessor for dataset folder 'ReLinkCSV' (canonical='ReLinkCSV'). Skipping.
2026-06-21 18:34:59,486 | INFO | Loaded 19 projects from root=Data-set
2026-06-21 18:34:59,486 | INFO | Loaded datasets: AEEEM, JIRA, Promise
2026-06-21 18:34:59,486 | INFO | Target rotation over: AEEEM
2026-06-21 18:34:59,486 | INFO | SETTING: CPDP within SAME dataset (sources=other projects, target excluded)
2026-06-21 18:34:59,486 | INFO | REPEATS: 5 runs per target (NO fixed seed); saving MEAN metrics only
2026-06-21 18:34:59,486 | INFO | MASTER params: lam=0.500 k=5 n_bins=10 disc_strategy=quantile
2026-06-21 18:34:59,486 | INFO | ==============================================
2026-06-21 18:34:59,486 | INFO | DATASET: AEEEM | projects=5 | common_features=19
2026-06-21 18:34:59,486 | INFO | ==============================================
2026-06-21 18:34:59,791 | INFO | Run 1/5 done for AEEEM/mylyn in 0.3s | AUC=0.6310 MCC=0.2408 F1=0.3242
2026-06-21 18:35:00,026 | INFO | Run 2/5 done for AEEEM/mylyn in 0.5s | AUC=0.6199 MCC=0.2293 F1=0.3120
2026-06-21 18:35:00,261 | INFO | Run 3/5 done for AEEEM/mylyn in 0.7s | AUC=0.6224 MCC=0.2390 F1=0.3213
2026-06-21 18:35:00,495 | INFO | Run 4/5 done for AEEEM/mylyn in 1.0s | AUC=0.6212 MCC=0.2416 F1=0.3280
2026-06-21 18:35:00,729 | INFO | Run 5/5 done for AEEEM/mylyn in 1.2s | AUC=0.6095 MCC=0.2297 F1=0.3140
2026-06-21 18:35:00,731 | INFO | FINISHED target AEEEM/mylyn | saved MEAN over 5 runs in 1.2s
2026-06-21 18:35:00,731 | INFO | ALL DONE. Results saved to: MASTER_sequential_results.csv
2026-06-21 18:35:01,288 | INFO | Dataset folder 'AEEEM-defect-dataset' -> dataset='AEEEM' | csv files found=5
2026-06-21 18:35:01,465 | INFO | Dataset='AEEEM' | loaded projects=5 | skipped empty=0
2026-06-21 18:35:01,465 | INFO | Dataset folder 'JIRA' -> dataset='JIRA' | csv files found=7
2026-06-21 18:35:01,732 | INFO | Dataset='JIRA' | loaded projects=7 | skipped empty=0
2026-06-21 18:35:01,732 | WARNING | No preprocessor for dataset folder 'NASA' (canonical='NASA'). Skipping.
2026-06-21 18:35:01,732 | INFO | Dataset folder 'Promise' -> dataset='Promise' | csv files found=7
2026-06-21 18:35:02,145 | INFO | Dataset='Promise' | loaded projects=7 | skipped empty=0
2026-06-21 18:35:02,145 | WARNING | No preprocessor for dataset folder 'ReLinkCSV' (canonical='ReLinkCSV'). Skipping.
2026-06-21 18:35:02,145 | INFO | Loaded 19 projects from root=Data-set
2026-06-21 18:35:02,145 | INFO | Loaded datasets: AEEEM, JIRA, Promise
2026-06-21 18:35:02,145 | INFO | Target rotation over: AEEEM
2026-06-21 18:35:02,145 | INFO | SETTING: CPDP within SAME dataset (sources=other projects, target excluded)
2026-06-21 18:35:02,145 | INFO | REPEATS: 5 runs per target (NO fixed seed); saving MEAN metrics only
2026-06-21 18:35:02,145 | INFO | MASTER params: lam=0.500 k=5 n_bins=10 disc_strategy=quantile
2026-06-21 18:35:02,145 | INFO | ==============================================
2026-06-21 18:35:02,145 | INFO | DATASET: AEEEM | projects=5 | common_features=19
2026-06-21 18:35:02,145 | INFO | ==============================================
2026-06-21 18:35:02,437 | INFO | Run 1/5 done for AEEEM/pde in 0.3s | AUC=0.6644 MCC=0.1650 F1=0.3082
2026-06-21 18:35:02,662 | INFO | Run 2/5 done for AEEEM/pde in 0.5s | AUC=0.6636 MCC=0.1543 F1=0.3024
2026-06-21 18:35:02,888 | INFO | Run 3/5 done for AEEEM/pde in 0.7s | AUC=0.6641 MCC=0.1629 F1=0.3071
2026-06-21 18:35:03,113 | INFO | Run 4/5 done for AEEEM/pde in 0.9s | AUC=0.6668 MCC=0.1503 F1=0.3028
2026-06-21 18:35:03,339 | INFO | Run 5/5 done for AEEEM/pde in 1.2s | AUC=0.6665 MCC=0.1534 F1=0.3035
2026-06-21 18:35:03,341 | INFO | FINISHED target AEEEM/pde | saved MEAN over 5 runs in 1.2s
2026-06-21 18:35:03,341 | INFO | ALL DONE. Results saved to: MASTER_sequential_results.csv
2026-06-21 18:35:03,900 | INFO | Dataset folder 'AEEEM-defect-dataset' -> dataset='AEEEM' | csv files found=5
2026-06-21 18:35:04,078 | INFO | Dataset='AEEEM' | loaded projects=5 | skipped empty=0
2026-06-21 18:35:04,078 | INFO | Dataset folder 'JIRA' -> dataset='JIRA' | csv files found=7
2026-06-21 18:35:04,350 | INFO | Dataset='JIRA' | loaded projects=7 | skipped empty=0
2026-06-21 18:35:04,350 | WARNING | No preprocessor for dataset folder 'NASA' (canonical='NASA'). Skipping.
2026-06-21 18:35:04,350 | INFO | Dataset folder 'Promise' -> dataset='Promise' | csv files found=7
2026-06-21 18:35:04,766 | INFO | Dataset='Promise' | loaded projects=7 | skipped empty=0
2026-06-21 18:35:04,766 | WARNING | No preprocessor for dataset folder 'ReLinkCSV' (canonical='ReLinkCSV'). Skipping.
2026-06-21 18:35:04,766 | INFO | Loaded 19 projects from root=Data-set
2026-06-21 18:35:04,766 | INFO | Loaded datasets: AEEEM, JIRA, Promise
2026-06-21 18:35:04,766 | INFO | Target rotation over: JIRA
2026-06-21 18:35:04,766 | INFO | SETTING: CPDP within SAME dataset (sources=other projects, target excluded)
2026-06-21 18:35:04,766 | INFO | REPEATS: 5 runs per target (NO fixed seed); saving MEAN metrics only
2026-06-21 18:35:04,766 | INFO | MASTER params: lam=0.500 k=5 n_bins=10 disc_strategy=quantile
2026-06-21 18:35:04,766 | INFO | ==============================================
2026-06-21 18:35:04,766 | INFO | DATASET: JIRA | projects=7 | common_features=66
2026-06-21 18:35:04,766 | INFO | ==============================================
2026-06-21 18:35:07,053 | INFO | Run 1/5 done for JIRA/activemq-5.8.0 in 2.1s | AUC=0.6126 MCC=0.1198 F1=0.1637
2026-06-21 18:35:08,925 | INFO | Run 2/5 done for JIRA/activemq-5.8.0 in 4.0s | AUC=0.6109 MCC=0.1239 F1=0.1653
2026-06-21 18:35:10,697 | INFO | Run 3/5 done for JIRA/activemq-5.8.0 in 5.8s | AUC=0.6127 MCC=0.1213 F1=0.1643
2026-06-21 18:35:12,478 | INFO | Run 4/5 done for JIRA/activemq-5.8.0 in 7.5s | AUC=0.6058 MCC=0.1082 F1=0.1593
2026-06-21 18:35:14,378 | INFO | Run 5/5 done for JIRA/activemq-5.8.0 in 9.4s | AUC=0.6043 MCC=0.1034 F1=0.1575
2026-06-21 18:35:14,380 | INFO | FINISHED target JIRA/activemq-5.8.0 | saved MEAN over 5 runs in 9.5s
2026-06-21 18:35:14,380 | INFO | ALL DONE. Results saved to: MASTER_sequential_results.csv
2026-06-21 18:35:14,968 | INFO | Dataset folder 'AEEEM-defect-dataset' -> dataset='AEEEM' | csv files found=5
2026-06-21 18:35:15,148 | INFO | Dataset='AEEEM' | loaded projects=5 | skipped empty=0
2026-06-21 18:35:15,148 | INFO | Dataset folder 'JIRA' -> dataset='JIRA' | csv files found=7
2026-06-21 18:35:15,422 | INFO | Dataset='JIRA' | loaded projects=7 | skipped empty=0
2026-06-21 18:35:15,422 | WARNING | No preprocessor for dataset folder 'NASA' (canonical='NASA'). Skipping.
2026-06-21 18:35:15,422 | INFO | Dataset folder 'Promise' -> dataset='Promise' | csv files found=7
2026-06-21 18:35:15,845 | INFO | Dataset='Promise' | loaded projects=7 | skipped empty=0
2026-06-21 18:35:15,845 | WARNING | No preprocessor for dataset folder 'ReLinkCSV' (canonical='ReLinkCSV'). Skipping.
2026-06-21 18:35:15,845 | INFO | Loaded 19 projects from root=Data-set
2026-06-21 18:35:15,845 | INFO | Loaded datasets: AEEEM, JIRA, Promise
2026-06-21 18:35:15,845 | INFO | Target rotation over: JIRA
2026-06-21 18:35:15,845 | INFO | SETTING: CPDP within SAME dataset (sources=other projects, target excluded)
2026-06-21 18:35:15,845 | INFO | REPEATS: 5 runs per target (NO fixed seed); saving MEAN metrics only
2026-06-21 18:35:15,845 | INFO | MASTER params: lam=0.500 k=5 n_bins=10 disc_strategy=quantile
2026-06-21 18:35:15,845 | INFO | ==============================================
2026-06-21 18:35:15,845 | INFO | DATASET: JIRA | projects=7 | common_features=66
2026-06-21 18:35:15,845 | INFO | ==============================================
2026-06-21 18:35:18,037 | INFO | Run 1/5 done for JIRA/derby-10.5.1.1 in 2.0s | AUC=0.7760 MCC=0.2612 F1=0.3571
2026-06-21 18:35:20,035 | INFO | Run 2/5 done for JIRA/derby-10.5.1.1 in 4.0s | AUC=0.7768 MCC=0.2666 F1=0.3608
2026-06-21 18:35:22,060 | INFO | Run 3/5 done for JIRA/derby-10.5.1.1 in 6.1s | AUC=0.7758 MCC=0.2589 F1=0.3556
2026-06-21 18:35:24,052 | INFO | Run 4/5 done for JIRA/derby-10.5.1.1 in 8.0s | AUC=0.7815 MCC=0.2603 F1=0.3580
2026-06-21 18:35:25,814 | INFO | Run 5/5 done for JIRA/derby-10.5.1.1 in 9.8s | AUC=0.7761 MCC=0.2618 F1=0.3590
2026-06-21 18:35:25,815 | INFO | FINISHED target JIRA/derby-10.5.1.1 | saved MEAN over 5 runs in 9.8s
2026-06-21 18:35:25,815 | INFO | ALL DONE. Results saved to: MASTER_sequential_results.csv
2026-06-21 18:35:26,390 | INFO | Dataset folder 'AEEEM-defect-dataset' -> dataset='AEEEM' | csv files found=5
2026-06-21 18:35:26,568 | INFO | Dataset='AEEEM' | loaded projects=5 | skipped empty=0
2026-06-21 18:35:26,568 | INFO | Dataset folder 'JIRA' -> dataset='JIRA' | csv files found=7
2026-06-21 18:35:26,836 | INFO | Dataset='JIRA' | loaded projects=7 | skipped empty=0
2026-06-21 18:35:26,836 | WARNING | No preprocessor for dataset folder 'NASA' (canonical='NASA'). Skipping.
2026-06-21 18:35:26,836 | INFO | Dataset folder 'Promise' -> dataset='Promise' | csv files found=7
2026-06-21 18:35:27,260 | INFO | Dataset='Promise' | loaded projects=7 | skipped empty=0
2026-06-21 18:35:27,260 | WARNING | No preprocessor for dataset folder 'ReLinkCSV' (canonical='ReLinkCSV'). Skipping.
2026-06-21 18:35:27,260 | INFO | Loaded 19 projects from root=Data-set
2026-06-21 18:35:27,260 | INFO | Loaded datasets: AEEEM, JIRA, Promise
2026-06-21 18:35:27,260 | INFO | Target rotation over: JIRA
2026-06-21 18:35:27,260 | INFO | SETTING: CPDP within SAME dataset (sources=other projects, target excluded)
2026-06-21 18:35:27,260 | INFO | REPEATS: 5 runs per target (NO fixed seed); saving MEAN metrics only
2026-06-21 18:35:27,260 | INFO | MASTER params: lam=0.500 k=5 n_bins=10 disc_strategy=quantile
2026-06-21 18:35:27,260 | INFO | ==============================================
2026-06-21 18:35:27,260 | INFO | DATASET: JIRA | projects=7 | common_features=66
2026-06-21 18:35:27,260 | INFO | ==============================================
2026-06-21 18:35:29,118 | INFO | Run 1/5 done for JIRA/groovy-1_6_BETA_2 in 1.7s | AUC=0.7304 MCC=0.1823 F1=0.2355
2026-06-21 18:35:30,738 | INFO | Run 2/5 done for JIRA/groovy-1_6_BETA_2 in 3.3s | AUC=0.7293 MCC=0.1730 F1=0.2319
2026-06-21 18:35:32,080 | INFO | Run 3/5 done for JIRA/groovy-1_6_BETA_2 in 4.7s | AUC=0.7283 MCC=0.1860 F1=0.2381
2026-06-21 18:35:33,399 | INFO | Run 4/5 done for JIRA/groovy-1_6_BETA_2 in 6.0s | AUC=0.7160 MCC=0.1699 F1=0.2273
2026-06-21 18:35:34,721 | INFO | Run 5/5 done for JIRA/groovy-1_6_BETA_2 in 7.3s | AUC=0.7175 MCC=0.1801 F1=0.2340
2026-06-21 18:35:34,723 | INFO | FINISHED target JIRA/groovy-1_6_BETA_2 | saved MEAN over 5 runs in 7.3s
2026-06-21 18:35:34,723 | INFO | ALL DONE. Results saved to: MASTER_sequential_results.csv
2026-06-21 18:35:35,309 | INFO | Dataset folder 'AEEEM-defect-dataset' -> dataset='AEEEM' | csv files found=5
2026-06-21 18:35:35,487 | INFO | Dataset='AEEEM' | loaded projects=5 | skipped empty=0
2026-06-21 18:35:35,487 | INFO | Dataset folder 'JIRA' -> dataset='JIRA' | csv files found=7
2026-06-21 18:35:35,758 | INFO | Dataset='JIRA' | loaded projects=7 | skipped empty=0
2026-06-21 18:35:35,758 | WARNING | No preprocessor for dataset folder 'NASA' (canonical='NASA'). Skipping.
2026-06-21 18:35:35,758 | INFO | Dataset folder 'Promise' -> dataset='Promise' | csv files found=7
2026-06-21 18:35:36,177 | INFO | Dataset='Promise' | loaded projects=7 | skipped empty=0
2026-06-21 18:35:36,177 | WARNING | No preprocessor for dataset folder 'ReLinkCSV' (canonical='ReLinkCSV'). Skipping.
2026-06-21 18:35:36,177 | INFO | Loaded 19 projects from root=Data-set
2026-06-21 18:35:36,177 | INFO | Loaded datasets: AEEEM, JIRA, Promise
2026-06-21 18:35:36,177 | INFO | Target rotation over: JIRA
2026-06-21 18:35:36,177 | INFO | SETTING: CPDP within SAME dataset (sources=other projects, target excluded)
2026-06-21 18:35:36,177 | INFO | REPEATS: 5 runs per target (NO fixed seed); saving MEAN metrics only
2026-06-21 18:35:36,177 | INFO | MASTER params: lam=0.500 k=5 n_bins=10 disc_strategy=quantile
2026-06-21 18:35:36,177 | INFO | ==============================================
2026-06-21 18:35:36,177 | INFO | DATASET: JIRA | projects=7 | common_features=66
2026-06-21 18:35:36,177 | INFO | ==============================================
2026-06-21 18:35:38,292 | INFO | Run 1/5 done for JIRA/hbase-0.95.2 in 2.0s | AUC=0.7097 MCC=0.2647 F1=0.4986
2026-06-21 18:35:40,123 | INFO | Run 2/5 done for JIRA/hbase-0.95.2 in 3.8s | AUC=0.7060 MCC=0.2583 F1=0.4949
2026-06-21 18:35:41,957 | INFO | Run 3/5 done for JIRA/hbase-0.95.2 in 5.6s | AUC=0.7087 MCC=0.2586 F1=0.4953
2026-06-21 18:35:43,771 | INFO | Run 4/5 done for JIRA/hbase-0.95.2 in 7.4s | AUC=0.7060 MCC=0.2616 F1=0.4971
2026-06-21 18:35:45,364 | INFO | Run 5/5 done for JIRA/hbase-0.95.2 in 9.0s | AUC=0.7072 MCC=0.2561 F1=0.4930
2026-06-21 18:35:45,366 | INFO | FINISHED target JIRA/hbase-0.95.2 | saved MEAN over 5 runs in 9.0s
2026-06-21 18:35:45,366 | INFO | ALL DONE. Results saved to: MASTER_sequential_results.csv
2026-06-21 18:35:45,935 | INFO | Dataset folder 'AEEEM-defect-dataset' -> dataset='AEEEM' | csv files found=5
2026-06-21 18:35:46,114 | INFO | Dataset='AEEEM' | loaded projects=5 | skipped empty=0
2026-06-21 18:35:46,114 | INFO | Dataset folder 'JIRA' -> dataset='JIRA' | csv files found=7
2026-06-21 18:35:46,389 | INFO | Dataset='JIRA' | loaded projects=7 | skipped empty=0
2026-06-21 18:35:46,389 | WARNING | No preprocessor for dataset folder 'NASA' (canonical='NASA'). Skipping.
2026-06-21 18:35:46,389 | INFO | Dataset folder 'Promise' -> dataset='Promise' | csv files found=7
2026-06-21 18:35:46,804 | INFO | Dataset='Promise' | loaded projects=7 | skipped empty=0
2026-06-21 18:35:46,804 | WARNING | No preprocessor for dataset folder 'ReLinkCSV' (canonical='ReLinkCSV'). Skipping.
2026-06-21 18:35:46,804 | INFO | Loaded 19 projects from root=Data-set
2026-06-21 18:35:46,804 | INFO | Loaded datasets: AEEEM, JIRA, Promise
2026-06-21 18:35:46,804 | INFO | Target rotation over: JIRA
2026-06-21 18:35:46,804 | INFO | SETTING: CPDP within SAME dataset (sources=other projects, target excluded)
2026-06-21 18:35:46,804 | INFO | REPEATS: 5 runs per target (NO fixed seed); saving MEAN metrics only
2026-06-21 18:35:46,804 | INFO | MASTER params: lam=0.500 k=5 n_bins=10 disc_strategy=quantile
2026-06-21 18:35:46,804 | INFO | ==============================================
2026-06-21 18:35:46,804 | INFO | DATASET: JIRA | projects=7 | common_features=66
2026-06-21 18:35:46,804 | INFO | ==============================================
2026-06-21 18:35:48,802 | INFO | Run 1/5 done for JIRA/hive-0.12.0 in 1.8s | AUC=0.6868 MCC=0.1631 F1=0.2251
2026-06-21 18:35:50,700 | INFO | Run 2/5 done for JIRA/hive-0.12.0 in 3.7s | AUC=0.6882 MCC=0.1688 F1=0.2272
2026-06-21 18:35:52,615 | INFO | Run 3/5 done for JIRA/hive-0.12.0 in 5.6s | AUC=0.6862 MCC=0.1575 F1=0.2206
2026-06-21 18:35:54,421 | INFO | Run 4/5 done for JIRA/hive-0.12.0 in 7.5s | AUC=0.6862 MCC=0.1673 F1=0.2262
2026-06-21 18:35:56,118 | INFO | Run 5/5 done for JIRA/hive-0.12.0 in 9.2s | AUC=0.6866 MCC=0.1580 F1=0.2209
2026-06-21 18:35:56,119 | INFO | FINISHED target JIRA/hive-0.12.0 | saved MEAN over 5 runs in 9.2s
2026-06-21 18:35:56,120 | INFO | ALL DONE. Results saved to: MASTER_sequential_results.csv
2026-06-21 18:35:56,688 | INFO | Dataset folder 'AEEEM-defect-dataset' -> dataset='AEEEM' | csv files found=5
2026-06-21 18:35:56,865 | INFO | Dataset='AEEEM' | loaded projects=5 | skipped empty=0
2026-06-21 18:35:56,865 | INFO | Dataset folder 'JIRA' -> dataset='JIRA' | csv files found=7
2026-06-21 18:35:57,132 | INFO | Dataset='JIRA' | loaded projects=7 | skipped empty=0
2026-06-21 18:35:57,132 | WARNING | No preprocessor for dataset folder 'NASA' (canonical='NASA'). Skipping.
2026-06-21 18:35:57,132 | INFO | Dataset folder 'Promise' -> dataset='Promise' | csv files found=7
2026-06-21 18:35:57,553 | INFO | Dataset='Promise' | loaded projects=7 | skipped empty=0
2026-06-21 18:35:57,553 | WARNING | No preprocessor for dataset folder 'ReLinkCSV' (canonical='ReLinkCSV'). Skipping.
2026-06-21 18:35:57,553 | INFO | Loaded 19 projects from root=Data-set
2026-06-21 18:35:57,553 | INFO | Loaded datasets: AEEEM, JIRA, Promise
2026-06-21 18:35:57,553 | INFO | Target rotation over: JIRA
2026-06-21 18:35:57,553 | INFO | SETTING: CPDP within SAME dataset (sources=other projects, target excluded)
2026-06-21 18:35:57,553 | INFO | REPEATS: 5 runs per target (NO fixed seed); saving MEAN metrics only
2026-06-21 18:35:57,553 | INFO | MASTER params: lam=0.500 k=5 n_bins=10 disc_strategy=quantile
2026-06-21 18:35:57,553 | INFO | ==============================================
2026-06-21 18:35:57,553 | INFO | DATASET: JIRA | projects=7 | common_features=66
2026-06-21 18:35:57,553 | INFO | ==============================================
2026-06-21 18:35:59,586 | INFO | Run 1/5 done for JIRA/jruby-1.7.0.preview1 in 1.9s | AUC=0.8025 MCC=0.1818 F1=0.1636
2026-06-21 18:36:01,122 | INFO | Run 2/5 done for JIRA/jruby-1.7.0.preview1 in 3.4s | AUC=0.8065 MCC=0.1631 F1=0.1529
2026-06-21 18:36:02,593 | INFO | Run 3/5 done for JIRA/jruby-1.7.0.preview1 in 4.9s | AUC=0.7986 MCC=0.1708 F1=0.1572
2026-06-21 18:36:04,068 | INFO | Run 4/5 done for JIRA/jruby-1.7.0.preview1 in 6.4s | AUC=0.8025 MCC=0.1684 F1=0.1544
2026-06-21 18:36:05,547 | INFO | Run 5/5 done for JIRA/jruby-1.7.0.preview1 in 7.8s | AUC=0.8048 MCC=0.1664 F1=0.1547
2026-06-21 18:36:05,548 | INFO | FINISHED target JIRA/jruby-1.7.0.preview1 | saved MEAN over 5 runs in 7.8s
2026-06-21 18:36:05,548 | INFO | ALL DONE. Results saved to: MASTER_sequential_results.csv
2026-06-21 18:36:06,110 | INFO | Dataset folder 'AEEEM-defect-dataset' -> dataset='AEEEM' | csv files found=5
2026-06-21 18:36:06,288 | INFO | Dataset='AEEEM' | loaded projects=5 | skipped empty=0
2026-06-21 18:36:06,288 | INFO | Dataset folder 'JIRA' -> dataset='JIRA' | csv files found=7
2026-06-21 18:36:06,557 | INFO | Dataset='JIRA' | loaded projects=7 | skipped empty=0
2026-06-21 18:36:06,558 | WARNING | No preprocessor for dataset folder 'NASA' (canonical='NASA'). Skipping.
2026-06-21 18:36:06,558 | INFO | Dataset folder 'Promise' -> dataset='Promise' | csv files found=7
2026-06-21 18:36:07,103 | INFO | Dataset='Promise' | loaded projects=7 | skipped empty=0
2026-06-21 18:36:07,103 | WARNING | No preprocessor for dataset folder 'ReLinkCSV' (canonical='ReLinkCSV'). Skipping.
2026-06-21 18:36:07,103 | INFO | Loaded 19 projects from root=Data-set
2026-06-21 18:36:07,103 | INFO | Loaded datasets: AEEEM, JIRA, Promise
2026-06-21 18:36:07,103 | INFO | Target rotation over: JIRA
2026-06-21 18:36:07,103 | INFO | SETTING: CPDP within SAME dataset (sources=other projects, target excluded)
2026-06-21 18:36:07,103 | INFO | REPEATS: 5 runs per target (NO fixed seed); saving MEAN metrics only
2026-06-21 18:36:07,103 | INFO | MASTER params: lam=0.500 k=5 n_bins=10 disc_strategy=quantile
2026-06-21 18:36:07,103 | INFO | ==============================================
2026-06-21 18:36:07,104 | INFO | DATASET: JIRA | projects=7 | common_features=66
2026-06-21 18:36:07,104 | INFO | ==============================================
2026-06-21 18:36:09,252 | INFO | Run 1/5 done for JIRA/wicket-1.5.3 in 2.0s | AUC=0.6374 MCC=0.0537 F1=0.0857
2026-06-21 18:36:10,989 | INFO | Run 2/5 done for JIRA/wicket-1.5.3 in 3.7s | AUC=0.6569 MCC=0.0637 F1=0.0871
2026-06-21 18:36:12,665 | INFO | Run 3/5 done for JIRA/wicket-1.5.3 in 5.4s | AUC=0.6576 MCC=0.0690 F1=0.0883
2026-06-21 18:36:14,374 | INFO | Run 4/5 done for JIRA/wicket-1.5.3 in 7.1s | AUC=0.6560 MCC=0.0612 F1=0.0872
2026-06-21 18:36:16,053 | INFO | Run 5/5 done for JIRA/wicket-1.5.3 in 8.8s | AUC=0.6440 MCC=0.0562 F1=0.0862
2026-06-21 18:36:16,055 | INFO | FINISHED target JIRA/wicket-1.5.3 | saved MEAN over 5 runs in 8.8s
2026-06-21 18:36:16,055 | INFO | ALL DONE. Results saved to: MASTER_sequential_results.csv
2026-06-21 18:36:16,624 | INFO | Dataset folder 'AEEEM-defect-dataset' -> dataset='AEEEM' | csv files found=5
2026-06-21 18:36:16,802 | INFO | Dataset='AEEEM' | loaded projects=5 | skipped empty=0
2026-06-21 18:36:16,802 | INFO | Dataset folder 'JIRA' -> dataset='JIRA' | csv files found=7
2026-06-21 18:36:17,073 | INFO | Dataset='JIRA' | loaded projects=7 | skipped empty=0
2026-06-21 18:36:17,073 | WARNING | No preprocessor for dataset folder 'NASA' (canonical='NASA'). Skipping.
2026-06-21 18:36:17,073 | INFO | Dataset folder 'Promise' -> dataset='Promise' | csv files found=7
2026-06-21 18:36:17,489 | INFO | Dataset='Promise' | loaded projects=7 | skipped empty=0
2026-06-21 18:36:17,489 | WARNING | No preprocessor for dataset folder 'ReLinkCSV' (canonical='ReLinkCSV'). Skipping.
2026-06-21 18:36:17,489 | INFO | Loaded 19 projects from root=Data-set
2026-06-21 18:36:17,489 | INFO | Loaded datasets: AEEEM, JIRA, Promise
2026-06-21 18:36:17,489 | INFO | Target rotation over: Promise
2026-06-21 18:36:17,489 | INFO | SETTING: CPDP within SAME dataset (sources=other projects, target excluded)
2026-06-21 18:36:17,489 | INFO | REPEATS: 5 runs per target (NO fixed seed); saving MEAN metrics only
2026-06-21 18:36:17,489 | INFO | MASTER params: lam=0.500 k=5 n_bins=10 disc_strategy=quantile
2026-06-21 18:36:17,489 | INFO | ==============================================
2026-06-21 18:36:17,489 | INFO | DATASET: Promise | projects=7 | common_features=20
2026-06-21 18:36:17,489 | INFO | ==============================================
2026-06-21 18:36:18,226 | INFO | Run 1/5 done for Promise/ant-1.7 in 0.7s | AUC=0.7668 MCC=0.2945 F1=0.4668
2026-06-21 18:36:18,887 | INFO | Run 2/5 done for Promise/ant-1.7 in 1.3s | AUC=0.7535 MCC=0.2835 F1=0.4618
2026-06-21 18:36:19,550 | INFO | Run 3/5 done for Promise/ant-1.7 in 2.0s | AUC=0.7622 MCC=0.2857 F1=0.4620
2026-06-21 18:36:20,218 | INFO | Run 4/5 done for Promise/ant-1.7 in 2.7s | AUC=0.7639 MCC=0.2794 F1=0.4586
2026-06-21 18:36:20,885 | INFO | Run 5/5 done for Promise/ant-1.7 in 3.3s | AUC=0.7591 MCC=0.2935 F1=0.4673
2026-06-21 18:36:20,887 | INFO | FINISHED target Promise/ant-1.7 | saved MEAN over 5 runs in 3.3s
2026-06-21 18:36:20,887 | INFO | ALL DONE. Results saved to: MASTER_sequential_results.csv
2026-06-21 18:36:21,473 | INFO | Dataset folder 'AEEEM-defect-dataset' -> dataset='AEEEM' | csv files found=5
2026-06-21 18:36:21,652 | INFO | Dataset='AEEEM' | loaded projects=5 | skipped empty=0
2026-06-21 18:36:21,652 | INFO | Dataset folder 'JIRA' -> dataset='JIRA' | csv files found=7
2026-06-21 18:36:21,985 | INFO | Dataset='JIRA' | loaded projects=7 | skipped empty=0
2026-06-21 18:36:21,986 | WARNING | No preprocessor for dataset folder 'NASA' (canonical='NASA'). Skipping.
2026-06-21 18:36:21,986 | INFO | Dataset folder 'Promise' -> dataset='Promise' | csv files found=7
2026-06-21 18:36:22,405 | INFO | Dataset='Promise' | loaded projects=7 | skipped empty=0
2026-06-21 18:36:22,405 | WARNING | No preprocessor for dataset folder 'ReLinkCSV' (canonical='ReLinkCSV'). Skipping.
2026-06-21 18:36:22,405 | INFO | Loaded 19 projects from root=Data-set
2026-06-21 18:36:22,405 | INFO | Loaded datasets: AEEEM, JIRA, Promise
2026-06-21 18:36:22,405 | INFO | Target rotation over: Promise
2026-06-21 18:36:22,405 | INFO | SETTING: CPDP within SAME dataset (sources=other projects, target excluded)
2026-06-21 18:36:22,405 | INFO | REPEATS: 5 runs per target (NO fixed seed); saving MEAN metrics only
2026-06-21 18:36:22,405 | INFO | MASTER params: lam=0.500 k=5 n_bins=10 disc_strategy=quantile
2026-06-21 18:36:22,405 | INFO | ==============================================
2026-06-21 18:36:22,405 | INFO | DATASET: Promise | projects=7 | common_features=20
2026-06-21 18:36:22,405 | INFO | ==============================================
2026-06-21 18:36:23,163 | INFO | Run 1/5 done for Promise/camel-1.6 in 0.7s | AUC=0.5994 MCC=0.1009 F1=0.3586
2026-06-21 18:36:23,841 | INFO | Run 2/5 done for Promise/camel-1.6 in 1.4s | AUC=0.6005 MCC=0.1010 F1=0.3594
2026-06-21 18:36:24,520 | INFO | Run 3/5 done for Promise/camel-1.6 in 2.1s | AUC=0.6042 MCC=0.1141 F1=0.3646
2026-06-21 18:36:25,201 | INFO | Run 4/5 done for Promise/camel-1.6 in 2.7s | AUC=0.5958 MCC=0.1028 F1=0.3598
2026-06-21 18:36:25,870 | INFO | Run 5/5 done for Promise/camel-1.6 in 3.4s | AUC=0.5981 MCC=0.1050 F1=0.3608
2026-06-21 18:36:25,872 | INFO | FINISHED target Promise/camel-1.6 | saved MEAN over 5 runs in 3.4s
2026-06-21 18:36:25,872 | INFO | ALL DONE. Results saved to: MASTER_sequential_results.csv
2026-06-21 18:36:26,441 | INFO | Dataset folder 'AEEEM-defect-dataset' -> dataset='AEEEM' | csv files found=5
2026-06-21 18:36:26,621 | INFO | Dataset='AEEEM' | loaded projects=5 | skipped empty=0
2026-06-21 18:36:26,621 | INFO | Dataset folder 'JIRA' -> dataset='JIRA' | csv files found=7
2026-06-21 18:36:26,896 | INFO | Dataset='JIRA' | loaded projects=7 | skipped empty=0
2026-06-21 18:36:26,896 | WARNING | No preprocessor for dataset folder 'NASA' (canonical='NASA'). Skipping.
2026-06-21 18:36:26,896 | INFO | Dataset folder 'Promise' -> dataset='Promise' | csv files found=7
2026-06-21 18:36:27,317 | INFO | Dataset='Promise' | loaded projects=7 | skipped empty=0
2026-06-21 18:36:27,317 | WARNING | No preprocessor for dataset folder 'ReLinkCSV' (canonical='ReLinkCSV'). Skipping.
2026-06-21 18:36:27,317 | INFO | Loaded 19 projects from root=Data-set
2026-06-21 18:36:27,317 | INFO | Loaded datasets: AEEEM, JIRA, Promise
2026-06-21 18:36:27,317 | INFO | Target rotation over: Promise
2026-06-21 18:36:27,317 | INFO | SETTING: CPDP within SAME dataset (sources=other projects, target excluded)
2026-06-21 18:36:27,317 | INFO | REPEATS: 5 runs per target (NO fixed seed); saving MEAN metrics only
2026-06-21 18:36:27,317 | INFO | MASTER params: lam=0.500 k=5 n_bins=10 disc_strategy=quantile
2026-06-21 18:36:27,317 | INFO | ==============================================
2026-06-21 18:36:27,317 | INFO | DATASET: Promise | projects=7 | common_features=20
2026-06-21 18:36:27,317 | INFO | ==============================================
2026-06-21 18:36:28,019 | INFO | Run 1/5 done for Promise/jedit-4.3 in 0.6s | AUC=0.8593 MCC=0.1164 F1=0.0547
2026-06-21 18:36:28,669 | INFO | Run 2/5 done for Promise/jedit-4.3 in 1.3s | AUC=0.8550 MCC=0.1184 F1=0.0556
2026-06-21 18:36:29,316 | INFO | Run 3/5 done for Promise/jedit-4.3 in 1.9s | AUC=0.8568 MCC=0.1164 F1=0.0547
2026-06-21 18:36:29,945 | INFO | Run 4/5 done for Promise/jedit-4.3 in 2.6s | AUC=0.8532 MCC=0.1164 F1=0.0547
2026-06-21 18:36:30,490 | INFO | Run 5/5 done for Promise/jedit-4.3 in 3.1s | AUC=0.8578 MCC=0.1164 F1=0.0547
2026-06-21 18:36:30,492 | INFO | FINISHED target Promise/jedit-4.3 | saved MEAN over 5 runs in 3.1s
2026-06-21 18:36:30,492 | INFO | ALL DONE. Results saved to: MASTER_sequential_results.csv
2026-06-21 18:36:31,055 | INFO | Dataset folder 'AEEEM-defect-dataset' -> dataset='AEEEM' | csv files found=5
2026-06-21 18:36:31,235 | INFO | Dataset='AEEEM' | loaded projects=5 | skipped empty=0
2026-06-21 18:36:31,235 | INFO | Dataset folder 'JIRA' -> dataset='JIRA' | csv files found=7
2026-06-21 18:36:31,509 | INFO | Dataset='JIRA' | loaded projects=7 | skipped empty=0
2026-06-21 18:36:31,510 | WARNING | No preprocessor for dataset folder 'NASA' (canonical='NASA'). Skipping.
2026-06-21 18:36:31,510 | INFO | Dataset folder 'Promise' -> dataset='Promise' | csv files found=7
2026-06-21 18:36:31,938 | INFO | Dataset='Promise' | loaded projects=7 | skipped empty=0
2026-06-21 18:36:31,938 | WARNING | No preprocessor for dataset folder 'ReLinkCSV' (canonical='ReLinkCSV'). Skipping.
2026-06-21 18:36:31,938 | INFO | Loaded 19 projects from root=Data-set
2026-06-21 18:36:31,938 | INFO | Loaded datasets: AEEEM, JIRA, Promise
2026-06-21 18:36:31,938 | INFO | Target rotation over: Promise
2026-06-21 18:36:31,938 | INFO | SETTING: CPDP within SAME dataset (sources=other projects, target excluded)
2026-06-21 18:36:31,938 | INFO | REPEATS: 5 runs per target (NO fixed seed); saving MEAN metrics only
2026-06-21 18:36:31,938 | INFO | MASTER params: lam=0.500 k=5 n_bins=10 disc_strategy=quantile
2026-06-21 18:36:31,938 | INFO | ==============================================
2026-06-21 18:36:31,938 | INFO | DATASET: Promise | projects=7 | common_features=20
2026-06-21 18:36:31,938 | INFO | ==============================================
2026-06-21 18:36:33,707 | INFO | Run 1/5 done for Promise/prop-2 in 1.7s | AUC=0.6038 MCC=0.1100 F1=0.2908
2026-06-21 18:36:35,381 | INFO | Run 2/5 done for Promise/prop-2 in 3.4s | AUC=0.6044 MCC=0.1180 F1=0.2962
2026-06-21 18:36:37,066 | INFO | Run 3/5 done for Promise/prop-2 in 5.1s | AUC=0.5996 MCC=0.1067 F1=0.2909
2026-06-21 18:36:38,752 | INFO | Run 4/5 done for Promise/prop-2 in 6.8s | AUC=0.6019 MCC=0.1215 F1=0.2974
2026-06-21 18:36:40,365 | INFO | Run 5/5 done for Promise/prop-2 in 8.4s | AUC=0.6002 MCC=0.1099 F1=0.2925
2026-06-21 18:36:40,367 | INFO | FINISHED target Promise/prop-2 | saved MEAN over 5 runs in 8.4s
2026-06-21 18:36:40,367 | INFO | ALL DONE. Results saved to: MASTER_sequential_results.csv
2026-06-21 18:36:40,941 | INFO | Dataset folder 'AEEEM-defect-dataset' -> dataset='AEEEM' | csv files found=5
2026-06-21 18:36:41,119 | INFO | Dataset='AEEEM' | loaded projects=5 | skipped empty=0
2026-06-21 18:36:41,119 | INFO | Dataset folder 'JIRA' -> dataset='JIRA' | csv files found=7
2026-06-21 18:36:41,388 | INFO | Dataset='JIRA' | loaded projects=7 | skipped empty=0
2026-06-21 18:36:41,388 | WARNING | No preprocessor for dataset folder 'NASA' (canonical='NASA'). Skipping.
2026-06-21 18:36:41,389 | INFO | Dataset folder 'Promise' -> dataset='Promise' | csv files found=7
2026-06-21 18:36:41,805 | INFO | Dataset='Promise' | loaded projects=7 | skipped empty=0
2026-06-21 18:36:41,805 | WARNING | No preprocessor for dataset folder 'ReLinkCSV' (canonical='ReLinkCSV'). Skipping.
2026-06-21 18:36:41,805 | INFO | Loaded 19 projects from root=Data-set
2026-06-21 18:36:41,805 | INFO | Loaded datasets: AEEEM, JIRA, Promise
2026-06-21 18:36:41,805 | INFO | Target rotation over: Promise
2026-06-21 18:36:41,805 | INFO | SETTING: CPDP within SAME dataset (sources=other projects, target excluded)
2026-06-21 18:36:41,805 | INFO | REPEATS: 5 runs per target (NO fixed seed); saving MEAN metrics only
2026-06-21 18:36:41,805 | INFO | MASTER params: lam=0.500 k=5 n_bins=10 disc_strategy=quantile
2026-06-21 18:36:41,805 | INFO | ==============================================
2026-06-21 18:36:41,805 | INFO | DATASET: Promise | projects=7 | common_features=20
2026-06-21 18:36:41,805 | INFO | ==============================================
2026-06-21 18:36:42,423 | INFO | Run 1/5 done for Promise/velocity-1.6 in 0.6s | AUC=0.7024 MCC=0.2890 F1=0.5864
2026-06-21 18:36:42,939 | INFO | Run 2/5 done for Promise/velocity-1.6 in 1.1s | AUC=0.7146 MCC=0.3039 F1=0.5914
2026-06-21 18:36:43,453 | INFO | Run 3/5 done for Promise/velocity-1.6 in 1.6s | AUC=0.7092 MCC=0.3180 F1=0.5978
2026-06-21 18:36:43,970 | INFO | Run 4/5 done for Promise/velocity-1.6 in 2.1s | AUC=0.7139 MCC=0.2815 F1=0.5846
2026-06-21 18:36:44,481 | INFO | Run 5/5 done for Promise/velocity-1.6 in 2.6s | AUC=0.7115 MCC=0.3435 F1=0.6129
2026-06-21 18:36:44,483 | INFO | FINISHED target Promise/velocity-1.6 | saved MEAN over 5 runs in 2.6s
2026-06-21 18:36:44,483 | INFO | ALL DONE. Results saved to: MASTER_sequential_results.csv
2026-06-21 18:36:45,130 | INFO | Dataset folder 'AEEEM-defect-dataset' -> dataset='AEEEM' | csv files found=5
2026-06-21 18:36:45,309 | INFO | Dataset='AEEEM' | loaded projects=5 | skipped empty=0
2026-06-21 18:36:45,310 | INFO | Dataset folder 'JIRA' -> dataset='JIRA' | csv files found=7
2026-06-21 18:36:45,583 | INFO | Dataset='JIRA' | loaded projects=7 | skipped empty=0
2026-06-21 18:36:45,584 | WARNING | No preprocessor for dataset folder 'NASA' (canonical='NASA'). Skipping.
2026-06-21 18:36:45,584 | INFO | Dataset folder 'Promise' -> dataset='Promise' | csv files found=7
2026-06-21 18:36:46,006 | INFO | Dataset='Promise' | loaded projects=7 | skipped empty=0
2026-06-21 18:36:46,006 | WARNING | No preprocessor for dataset folder 'ReLinkCSV' (canonical='ReLinkCSV'). Skipping.
2026-06-21 18:36:46,006 | INFO | Loaded 19 projects from root=Data-set
2026-06-21 18:36:46,006 | INFO | Loaded datasets: AEEEM, JIRA, Promise
2026-06-21 18:36:46,006 | INFO | Target rotation over: Promise
2026-06-21 18:36:46,006 | INFO | SETTING: CPDP within SAME dataset (sources=other projects, target excluded)
2026-06-21 18:36:46,006 | INFO | REPEATS: 5 runs per target (NO fixed seed); saving MEAN metrics only
2026-06-21 18:36:46,006 | INFO | MASTER params: lam=0.500 k=5 n_bins=10 disc_strategy=quantile
2026-06-21 18:36:46,006 | INFO | ==============================================
2026-06-21 18:36:46,006 | INFO | DATASET: Promise | projects=7 | common_features=20
2026-06-21 18:36:46,006 | INFO | ==============================================
2026-06-21 18:36:46,744 | INFO | Run 1/5 done for Promise/xalan-2.7 in 0.7s | AUC=0.8372 MCC=0.0900 F1=0.6017
2026-06-21 18:36:47,415 | INFO | Run 2/5 done for Promise/xalan-2.7 in 1.3s | AUC=0.8413 MCC=0.0910 F1=0.6070
2026-06-21 18:36:48,077 | INFO | Run 3/5 done for Promise/xalan-2.7 in 2.0s | AUC=0.8618 MCC=0.0890 F1=0.5964
2026-06-21 18:36:48,743 | INFO | Run 4/5 done for Promise/xalan-2.7 in 2.7s | AUC=0.8080 MCC=0.0918 F1=0.6110
2026-06-21 18:36:49,414 | INFO | Run 5/5 done for Promise/xalan-2.7 in 3.3s | AUC=0.8307 MCC=0.0930 F1=0.6176
2026-06-21 18:36:49,416 | INFO | FINISHED target Promise/xalan-2.7 | saved MEAN over 5 runs in 3.3s
2026-06-21 18:36:49,416 | INFO | ALL DONE. Results saved to: MASTER_sequential_results.csv
2026-06-21 18:36:49,989 | INFO | Dataset folder 'AEEEM-defect-dataset' -> dataset='AEEEM' | csv files found=5
2026-06-21 18:36:50,168 | INFO | Dataset='AEEEM' | loaded projects=5 | skipped empty=0
2026-06-21 18:36:50,168 | INFO | Dataset folder 'JIRA' -> dataset='JIRA' | csv files found=7
2026-06-21 18:36:50,439 | INFO | Dataset='JIRA' | loaded projects=7 | skipped empty=0
2026-06-21 18:36:50,439 | WARNING | No preprocessor for dataset folder 'NASA' (canonical='NASA'). Skipping.
2026-06-21 18:36:50,439 | INFO | Dataset folder 'Promise' -> dataset='Promise' | csv files found=7
2026-06-21 18:36:50,868 | INFO | Dataset='Promise' | loaded projects=7 | skipped empty=0
2026-06-21 18:36:50,868 | WARNING | No preprocessor for dataset folder 'ReLinkCSV' (canonical='ReLinkCSV'). Skipping.
2026-06-21 18:36:50,868 | INFO | Loaded 19 projects from root=Data-set
2026-06-21 18:36:50,868 | INFO | Loaded datasets: AEEEM, JIRA, Promise
2026-06-21 18:36:50,868 | INFO | Target rotation over: Promise
2026-06-21 18:36:50,868 | INFO | SETTING: CPDP within SAME dataset (sources=other projects, target excluded)
2026-06-21 18:36:50,868 | INFO | REPEATS: 5 runs per target (NO fixed seed); saving MEAN metrics only
2026-06-21 18:36:50,868 | INFO | MASTER params: lam=0.500 k=5 n_bins=10 disc_strategy=quantile
2026-06-21 18:36:50,868 | INFO | ==============================================
2026-06-21 18:36:50,868 | INFO | DATASET: Promise | projects=7 | common_features=20
2026-06-21 18:36:50,868 | INFO | ==============================================
2026-06-21 18:36:51,577 | INFO | Run 1/5 done for Promise/xerces-1.4 in 0.6s | AUC=0.7483 MCC=0.3232 F1=0.6151
2026-06-21 18:36:52,219 | INFO | Run 2/5 done for Promise/xerces-1.4 in 1.3s | AUC=0.7437 MCC=0.3174 F1=0.6076
2026-06-21 18:36:52,886 | INFO | Run 3/5 done for Promise/xerces-1.4 in 2.0s | AUC=0.7463 MCC=0.3052 F1=0.6014
2026-06-21 18:36:53,535 | INFO | Run 4/5 done for Promise/xerces-1.4 in 2.6s | AUC=0.7485 MCC=0.3116 F1=0.6000
2026-06-21 18:36:54,157 | INFO | Run 5/5 done for Promise/xerces-1.4 in 3.2s | AUC=0.7723 MCC=0.3193 F1=0.6101
2026-06-21 18:36:54,159 | INFO | FINISHED target Promise/xerces-1.4 | saved MEAN over 5 runs in 3.2s
2026-06-21 18:36:54,159 | INFO | ALL DONE. Results saved to: MASTER_sequential_results.csv
