nohup: ignoring input
2026-06-21 18:31:59,064 | INFO | Dataset folder 'AEEEM-defect-dataset' -> dataset='AEEEM' | csv files found=5
2026-06-21 18:31:59,242 | INFO | Dataset='AEEEM' | loaded projects=5 | skipped empty=0
2026-06-21 18:31:59,242 | INFO | Dataset folder 'JIRA' -> dataset='JIRA' | csv files found=7
2026-06-21 18:31:59,515 | INFO | Dataset='JIRA' | loaded projects=7 | skipped empty=0
2026-06-21 18:31:59,515 | WARNING | No preprocessor for dataset folder 'NASA' (canonical='NASA'). Skipping.
2026-06-21 18:31:59,515 | INFO | Dataset folder 'Promise' -> dataset='Promise' | csv files found=7
2026-06-21 18:31:59,931 | INFO | Dataset='Promise' | loaded projects=7 | skipped empty=0
2026-06-21 18:31:59,931 | WARNING | No preprocessor for dataset folder 'ReLinkCSV' (canonical='ReLinkCSV'). Skipping.
2026-06-21 18:31:59,931 | INFO | Loaded 19 projects from root=Data-set
2026-06-21 18:31:59,932 | INFO | Loaded datasets: AEEEM, JIRA, Promise
2026-06-21 18:31:59,932 | INFO | Target rotation over: AEEEM, JIRA, Promise
2026-06-21 18:31:59,932 | INFO | SETTING: CPDP within SAME dataset (sources=other projects, target excluded)
2026-06-21 18:31:59,932 | INFO | REPEATS: 5 runs per target (NO fixed seed); saving MEAN metrics only
2026-06-21 18:31:59,932 | INFO | MASTER params: lam=0.500 k=5 n_bins=10 disc_strategy=quantile
2026-06-21 18:31:59,933 | INFO | ==============================================
2026-06-21 18:31:59,933 | INFO | DATASET: AEEEM | projects=5 | common_features=19
2026-06-21 18:31:59,933 | INFO | ==============================================
2026-06-21 18:32:00,211 | INFO | Run 1/5 done for AEEEM/equinox in 0.2s | AUC=0.7093 MCC=0.3689 F1=0.7259
2026-06-21 18:32:00,395 | INFO | Run 2/5 done for AEEEM/equinox in 0.4s | AUC=0.7016 MCC=0.3102 F1=0.7076
2026-06-21 18:32:00,572 | INFO | Run 3/5 done for AEEEM/equinox in 0.6s | AUC=0.7057 MCC=0.3606 F1=0.7232
2026-06-21 18:32:00,755 | INFO | Run 4/5 done for AEEEM/equinox in 0.8s | AUC=0.7064 MCC=0.3427 F1=0.7159
2026-06-21 18:32:00,980 | INFO | Run 5/5 done for AEEEM/equinox in 1.0s | AUC=0.7050 MCC=0.3523 F1=0.7206
2026-06-21 18:32:00,982 | INFO | FINISHED target AEEEM/equinox | saved MEAN over 5 runs in 1.0s
2026-06-21 18:32:01,246 | INFO | Run 1/5 done for AEEEM/jdt in 0.3s | AUC=0.7436 MCC=0.2739 F1=0.4529
2026-06-21 18:32:01,509 | INFO | Run 2/5 done for AEEEM/jdt in 0.5s | AUC=0.7344 MCC=0.2517 F1=0.4394
2026-06-21 18:32:01,773 | INFO | Run 3/5 done for AEEEM/jdt in 0.8s | AUC=0.7377 MCC=0.2713 F1=0.4509
2026-06-21 18:32:02,035 | INFO | Run 4/5 done for AEEEM/jdt in 1.1s | AUC=0.7430 MCC=0.2818 F1=0.4581
2026-06-21 18:32:02,297 | INFO | Run 5/5 done for AEEEM/jdt in 1.3s | AUC=0.7394 MCC=0.2652 F1=0.4473
2026-06-21 18:32:02,299 | INFO | FINISHED target AEEEM/jdt | saved MEAN over 5 runs in 1.3s
2026-06-21 18:32:02,538 | INFO | Run 1/5 done for AEEEM/lucene in 0.2s | AUC=0.7316 MCC=0.2589 F1=0.3467
2026-06-21 18:32:02,777 | INFO | Run 2/5 done for AEEEM/lucene in 0.5s | AUC=0.7319 MCC=0.2557 F1=0.3455
2026-06-21 18:32:03,017 | INFO | Run 3/5 done for AEEEM/lucene in 0.7s | AUC=0.7288 MCC=0.2388 F1=0.3319
2026-06-21 18:32:03,256 | INFO | Run 4/5 done for AEEEM/lucene in 1.0s | AUC=0.7293 MCC=0.2388 F1=0.3319
2026-06-21 18:32:03,494 | INFO | Run 5/5 done for AEEEM/lucene in 1.2s | AUC=0.7335 MCC=0.2443 F1=0.3363
2026-06-21 18:32:03,496 | INFO | FINISHED target AEEEM/lucene | saved MEAN over 5 runs in 1.2s
2026-06-21 18:32:03,799 | INFO | Run 1/5 done for AEEEM/mylyn in 0.3s | AUC=0.6237 MCC=0.2286 F1=0.3183
2026-06-21 18:32:04,123 | INFO | Run 2/5 done for AEEEM/mylyn in 0.6s | AUC=0.6463 MCC=0.2364 F1=0.3215
2026-06-21 18:32:04,428 | INFO | Run 3/5 done for AEEEM/mylyn in 0.9s | AUC=0.6362 MCC=0.2416 F1=0.3280
2026-06-21 18:32:04,732 | INFO | Run 4/5 done for AEEEM/mylyn in 1.2s | AUC=0.6359 MCC=0.2364 F1=0.3215
2026-06-21 18:32:05,036 | INFO | Run 5/5 done for AEEEM/mylyn in 1.5s | AUC=0.6180 MCC=0.2297 F1=0.3140
2026-06-21 18:32:05,037 | INFO | FINISHED target AEEEM/mylyn | saved MEAN over 5 runs in 1.5s
2026-06-21 18:32:05,264 | INFO | Run 1/5 done for AEEEM/pde in 0.2s | AUC=0.6675 MCC=0.1638 F1=0.3083
2026-06-21 18:32:05,487 | INFO | Run 2/5 done for AEEEM/pde in 0.4s | AUC=0.6688 MCC=0.1534 F1=0.3035
2026-06-21 18:32:05,709 | INFO | Run 3/5 done for AEEEM/pde in 0.7s | AUC=0.6636 MCC=0.1519 F1=0.3019
2026-06-21 18:32:05,930 | INFO | Run 4/5 done for AEEEM/pde in 0.9s | AUC=0.6653 MCC=0.1507 F1=0.3010
2026-06-21 18:32:06,153 | INFO | Run 5/5 done for AEEEM/pde in 1.1s | AUC=0.6624 MCC=0.1567 F1=0.3043
2026-06-21 18:32:06,154 | INFO | FINISHED target AEEEM/pde | saved MEAN over 5 runs in 1.1s
2026-06-21 18:32:06,154 | INFO | ==============================================
2026-06-21 18:32:06,154 | INFO | DATASET: JIRA | projects=7 | common_features=66
2026-06-21 18:32:06,154 | INFO | ==============================================
2026-06-21 18:32:08,057 | INFO | Run 1/5 done for JIRA/activemq-5.8.0 in 1.7s | AUC=0.5978 MCC=0.1227 F1=0.1649
2026-06-21 18:32:09,790 | INFO | Run 2/5 done for JIRA/activemq-5.8.0 in 3.5s | AUC=0.6124 MCC=0.1249 F1=0.1658
2026-06-21 18:32:11,532 | INFO | Run 3/5 done for JIRA/activemq-5.8.0 in 5.2s | AUC=0.6097 MCC=0.1181 F1=0.1630
2026-06-21 18:32:13,288 | INFO | Run 4/5 done for JIRA/activemq-5.8.0 in 7.0s | AUC=0.6023 MCC=0.1150 F1=0.1618
2026-06-21 18:32:15,025 | INFO | Run 5/5 done for JIRA/activemq-5.8.0 in 8.7s | AUC=0.6071 MCC=0.1157 F1=0.1621
2026-06-21 18:32:15,026 | INFO | FINISHED target JIRA/activemq-5.8.0 | saved MEAN over 5 runs in 8.7s
2026-06-21 18:32:16,730 | INFO | Run 1/5 done for JIRA/derby-10.5.1.1 in 1.7s | AUC=0.7776 MCC=0.2642 F1=0.3595
2026-06-21 18:32:18,436 | INFO | Run 2/5 done for JIRA/derby-10.5.1.1 in 3.4s | AUC=0.7779 MCC=0.2567 F1=0.3534
2026-06-21 18:32:20,279 | INFO | Run 3/5 done for JIRA/derby-10.5.1.1 in 5.3s | AUC=0.7754 MCC=0.2598 F1=0.3555
2026-06-21 18:32:21,991 | INFO | Run 4/5 done for JIRA/derby-10.5.1.1 in 7.0s | AUC=0.7786 MCC=0.2654 F1=0.3600
2026-06-21 18:32:23,774 | INFO | Run 5/5 done for JIRA/derby-10.5.1.1 in 8.7s | AUC=0.7778 MCC=0.2605 F1=0.3563
2026-06-21 18:32:23,775 | INFO | FINISHED target JIRA/derby-10.5.1.1 | saved MEAN over 5 runs in 8.7s
2026-06-21 18:32:25,111 | INFO | Run 1/5 done for JIRA/groovy-1_6_BETA_2 in 1.3s | AUC=0.7274 MCC=0.1742 F1=0.2301
2026-06-21 18:32:26,437 | INFO | Run 2/5 done for JIRA/groovy-1_6_BETA_2 in 2.7s | AUC=0.7276 MCC=0.1799 F1=0.2353
2026-06-21 18:32:27,889 | INFO | Run 3/5 done for JIRA/groovy-1_6_BETA_2 in 4.1s | AUC=0.7337 MCC=0.1869 F1=0.2373
2026-06-21 18:32:29,224 | INFO | Run 4/5 done for JIRA/groovy-1_6_BETA_2 in 5.4s | AUC=0.7257 MCC=0.1764 F1=0.2316
2026-06-21 18:32:30,553 | INFO | Run 5/5 done for JIRA/groovy-1_6_BETA_2 in 6.8s | AUC=0.7183 MCC=0.1656 F1=0.2270
2026-06-21 18:32:30,554 | INFO | FINISHED target JIRA/groovy-1_6_BETA_2 | saved MEAN over 5 runs in 6.8s
2026-06-21 18:32:32,107 | INFO | Run 1/5 done for JIRA/hbase-0.95.2 in 1.6s | AUC=0.7111 MCC=0.2650 F1=0.4985
2026-06-21 18:32:33,658 | INFO | Run 2/5 done for JIRA/hbase-0.95.2 in 3.1s | AUC=0.7093 MCC=0.2620 F1=0.4963
2026-06-21 18:32:35,323 | INFO | Run 3/5 done for JIRA/hbase-0.95.2 in 4.8s | AUC=0.7079 MCC=0.2564 F1=0.4943
2026-06-21 18:32:36,869 | INFO | Run 4/5 done for JIRA/hbase-0.95.2 in 6.3s | AUC=0.7088 MCC=0.2598 F1=0.4957
2026-06-21 18:32:38,408 | INFO | Run 5/5 done for JIRA/hbase-0.95.2 in 7.9s | AUC=0.7064 MCC=0.2586 F1=0.4953
2026-06-21 18:32:38,410 | INFO | FINISHED target JIRA/hbase-0.95.2 | saved MEAN over 5 runs in 7.9s
2026-06-21 18:32:40,366 | INFO | Run 1/5 done for JIRA/hive-0.12.0 in 2.0s | AUC=0.6906 MCC=0.1686 F1=0.2258
2026-06-21 18:32:42,056 | INFO | Run 2/5 done for JIRA/hive-0.12.0 in 3.6s | AUC=0.6848 MCC=0.1608 F1=0.2211
2026-06-21 18:32:43,842 | INFO | Run 3/5 done for JIRA/hive-0.12.0 in 5.4s | AUC=0.6855 MCC=0.1678 F1=0.2265
2026-06-21 18:32:45,522 | INFO | Run 4/5 done for JIRA/hive-0.12.0 in 7.1s | AUC=0.6845 MCC=0.1521 F1=0.2175
2026-06-21 18:32:47,204 | INFO | Run 5/5 done for JIRA/hive-0.12.0 in 8.8s | AUC=0.6886 MCC=0.1630 F1=0.2234
2026-06-21 18:32:47,205 | INFO | FINISHED target JIRA/hive-0.12.0 | saved MEAN over 5 runs in 8.8s
2026-06-21 18:32:48,685 | INFO | Run 1/5 done for JIRA/jruby-1.7.0.preview1 in 1.5s | AUC=0.7969 MCC=0.1620 F1=0.1523
2026-06-21 18:32:50,272 | INFO | Run 2/5 done for JIRA/jruby-1.7.0.preview1 in 3.1s | AUC=0.8089 MCC=0.1711 F1=0.1573
2026-06-21 18:32:51,751 | INFO | Run 3/5 done for JIRA/jruby-1.7.0.preview1 in 4.5s | AUC=0.8098 MCC=0.1649 F1=0.1538
2026-06-21 18:32:53,228 | INFO | Run 4/5 done for JIRA/jruby-1.7.0.preview1 in 6.0s | AUC=0.8080 MCC=0.1737 F1=0.1588
2026-06-21 18:32:54,699 | INFO | Run 5/5 done for JIRA/jruby-1.7.0.preview1 in 7.5s | AUC=0.8058 MCC=0.1781 F1=0.1614
2026-06-21 18:32:54,700 | INFO | FINISHED target JIRA/jruby-1.7.0.preview1 | saved MEAN over 5 runs in 7.5s
2026-06-21 18:32:56,381 | INFO | Run 1/5 done for JIRA/wicket-1.5.3 in 1.7s | AUC=0.6557 MCC=0.0663 F1=0.0884
2026-06-21 18:32:58,161 | INFO | Run 2/5 done for JIRA/wicket-1.5.3 in 3.5s | AUC=0.6472 MCC=0.0633 F1=0.0877
2026-06-21 18:32:59,836 | INFO | Run 3/5 done for JIRA/wicket-1.5.3 in 5.1s | AUC=0.6368 MCC=0.0578 F1=0.0865
2026-06-21 18:33:01,516 | INFO | Run 4/5 done for JIRA/wicket-1.5.3 in 6.8s | AUC=0.6659 MCC=0.0708 F1=0.0888
2026-06-21 18:33:03,193 | INFO | Run 5/5 done for JIRA/wicket-1.5.3 in 8.5s | AUC=0.6549 MCC=0.0585 F1=0.0867
2026-06-21 18:33:03,194 | INFO | FINISHED target JIRA/wicket-1.5.3 | saved MEAN over 5 runs in 8.5s
2026-06-21 18:33:03,194 | INFO | ==============================================
2026-06-21 18:33:03,194 | INFO | DATASET: Promise | projects=7 | common_features=20
2026-06-21 18:33:03,194 | INFO | ==============================================
2026-06-21 18:33:03,801 | INFO | Run 1/5 done for Promise/ant-1.7 in 0.5s | AUC=0.7633 MCC=0.2772 F1=0.4584
2026-06-21 18:33:04,354 | INFO | Run 2/5 done for Promise/ant-1.7 in 1.1s | AUC=0.7556 MCC=0.2895 F1=0.4640
2026-06-21 18:33:04,909 | INFO | Run 3/5 done for Promise/ant-1.7 in 1.7s | AUC=0.7612 MCC=0.2844 F1=0.4613
2026-06-21 18:33:05,560 | INFO | Run 4/5 done for Promise/ant-1.7 in 2.3s | AUC=0.7610 MCC=0.2982 F1=0.4688
2026-06-21 18:33:06,113 | INFO | Run 5/5 done for Promise/ant-1.7 in 2.9s | AUC=0.7567 MCC=0.2860 F1=0.4631
2026-06-21 18:33:06,114 | INFO | FINISHED target Promise/ant-1.7 | saved MEAN over 5 runs in 2.9s
2026-06-21 18:33:06,675 | INFO | Run 1/5 done for Promise/camel-1.6 in 0.6s | AUC=0.6014 MCC=0.1192 F1=0.3670
2026-06-21 18:33:07,249 | INFO | Run 2/5 done for Promise/camel-1.6 in 1.1s | AUC=0.5987 MCC=0.0970 F1=0.3575
2026-06-21 18:33:07,802 | INFO | Run 3/5 done for Promise/camel-1.6 in 1.7s | AUC=0.6026 MCC=0.1222 F1=0.3684
2026-06-21 18:33:08,372 | INFO | Run 4/5 done for Promise/camel-1.6 in 2.3s | AUC=0.6009 MCC=0.1248 F1=0.3695
2026-06-21 18:33:08,939 | INFO | Run 5/5 done for Promise/camel-1.6 in 2.8s | AUC=0.6020 MCC=0.1099 F1=0.3629
2026-06-21 18:33:08,940 | INFO | FINISHED target Promise/camel-1.6 | saved MEAN over 5 runs in 2.8s
2026-06-21 18:33:09,480 | INFO | Run 1/5 done for Promise/jedit-4.3 in 0.5s | AUC=0.8666 MCC=0.1179 F1=0.0553
2026-06-21 18:33:10,015 | INFO | Run 2/5 done for Promise/jedit-4.3 in 1.1s | AUC=0.8379 MCC=0.1135 F1=0.0534
2026-06-21 18:33:10,549 | INFO | Run 3/5 done for Promise/jedit-4.3 in 1.6s | AUC=0.8651 MCC=0.1194 F1=0.0560
2026-06-21 18:33:11,091 | INFO | Run 4/5 done for Promise/jedit-4.3 in 2.2s | AUC=0.8645 MCC=0.1169 F1=0.0549
2026-06-21 18:33:11,623 | INFO | Run 5/5 done for Promise/jedit-4.3 in 2.7s | AUC=0.8660 MCC=0.1194 F1=0.0560
2026-06-21 18:33:11,624 | INFO | FINISHED target Promise/jedit-4.3 | saved MEAN over 5 runs in 2.7s
2026-06-21 18:33:13,137 | INFO | Run 1/5 done for Promise/prop-2 in 1.5s | AUC=0.5999 MCC=0.1047 F1=0.2894
2026-06-21 18:33:14,498 | INFO | Run 2/5 done for Promise/prop-2 in 2.9s | AUC=0.5980 MCC=0.1030 F1=0.2874
2026-06-21 18:33:15,852 | INFO | Run 3/5 done for Promise/prop-2 in 4.2s | AUC=0.5924 MCC=0.0965 F1=0.2858
2026-06-21 18:33:17,207 | INFO | Run 4/5 done for Promise/prop-2 in 5.6s | AUC=0.6212 MCC=0.1375 F1=0.3075
2026-06-21 18:33:18,566 | INFO | Run 5/5 done for Promise/prop-2 in 6.9s | AUC=0.5986 MCC=0.1037 F1=0.2888
2026-06-21 18:33:18,567 | INFO | FINISHED target Promise/prop-2 | saved MEAN over 5 runs in 6.9s
2026-06-21 18:33:19,082 | INFO | Run 1/5 done for Promise/velocity-1.6 in 0.5s | AUC=0.7080 MCC=0.2406 F1=0.5672
2026-06-21 18:33:19,598 | INFO | Run 2/5 done for Promise/velocity-1.6 in 1.0s | AUC=0.7177 MCC=0.2615 F1=0.5744
2026-06-21 18:33:20,110 | INFO | Run 3/5 done for Promise/velocity-1.6 in 1.5s | AUC=0.7110 MCC=0.3218 F1=0.6042
2026-06-21 18:33:20,731 | INFO | Run 4/5 done for Promise/velocity-1.6 in 2.2s | AUC=0.7166 MCC=0.3088 F1=0.5969
2026-06-21 18:33:21,250 | INFO | Run 5/5 done for Promise/velocity-1.6 in 2.7s | AUC=0.6942 MCC=0.2644 F1=0.5699
2026-06-21 18:33:21,252 | INFO | FINISHED target Promise/velocity-1.6 | saved MEAN over 5 runs in 2.7s
2026-06-21 18:33:21,805 | INFO | Run 1/5 done for Promise/xalan-2.7 in 0.6s | AUC=0.8029 MCC=0.0923 F1=0.6136
2026-06-21 18:33:22,360 | INFO | Run 2/5 done for Promise/xalan-2.7 in 1.1s | AUC=0.8416 MCC=0.0915 F1=0.6097
2026-06-21 18:33:22,908 | INFO | Run 3/5 done for Promise/xalan-2.7 in 1.7s | AUC=0.8399 MCC=0.0920 F1=0.6123
2026-06-21 18:33:23,464 | INFO | Run 4/5 done for Promise/xalan-2.7 in 2.2s | AUC=0.8541 MCC=0.0890 F1=0.5964
2026-06-21 18:33:24,020 | INFO | Run 5/5 done for Promise/xalan-2.7 in 2.8s | AUC=0.8029 MCC=0.0923 F1=0.6136
2026-06-21 18:33:24,021 | INFO | FINISHED target Promise/xalan-2.7 | saved MEAN over 5 runs in 2.8s
2026-06-21 18:33:24,553 | INFO | Run 1/5 done for Promise/xerces-1.4 in 0.5s | AUC=0.7698 MCC=0.3135 F1=0.6025
2026-06-21 18:33:25,087 | INFO | Run 2/5 done for Promise/xerces-1.4 in 1.1s | AUC=0.7440 MCC=0.3039 F1=0.5897
2026-06-21 18:33:25,633 | INFO | Run 3/5 done for Promise/xerces-1.4 in 1.6s | AUC=0.7482 MCC=0.3213 F1=0.6126
2026-06-21 18:33:26,172 | INFO | Run 4/5 done for Promise/xerces-1.4 in 2.2s | AUC=0.7446 MCC=0.3039 F1=0.5897
2026-06-21 18:33:26,711 | INFO | Run 5/5 done for Promise/xerces-1.4 in 2.7s | AUC=0.7429 MCC=0.3193 F1=0.6101
2026-06-21 18:33:26,712 | INFO | FINISHED target Promise/xerces-1.4 | saved MEAN over 5 runs in 2.7s
2026-06-21 18:33:26,712 | INFO | ALL DONE. Results saved to: Master_cpdp_results_smote.csv
